---
source: tests/python_rune_integration.rs
expression: stderr
---
┌─────────────┬───────────┬────────────────────┐
│               Grading Overview               │
├─────────────┼───────────┼────────────────────┤
│ Requirement │ Grade     │ Reason             │
├─────────────┼───────────┼────────────────────┤
│ query       │ 1.00/1.00 │ All queries passed │
├─────────────┼───────────┼────────────────────┤
│               Total: 1.00/1.00               │
└─────────────┴───────────┴────────────────────┘
