---
source: tests/python_rune_integration.rs
expression: stderr
---
┌─────────────────────────┬───────────┬────────────────────┐
│                     Grading Overview                     │
├─────────────────────────┼───────────┼────────────────────┤
│ Requirement             │ Grade     │ Reason             │
├─────────────────────────┼───────────┼────────────────────┤
│ has_calculator_class    │ 2.00/2.00 │ All queries passed │
├─────────────────────────┼───────────┼────────────────────┤
│ uses_for_loop           │ 2.00/2.00 │ All queries passed │
├─────────────────────────┼───────────┼────────────────────┤
│ uses_while_loop         │ 2.00/2.00 │ All queries passed │
├─────────────────────────┼───────────┼────────────────────┤
│ uses_list_comprehension │ 2.00/2.00 │ All queries passed │
├─────────────────────────┼───────────┼────────────────────┤
│ uses_if_statement       │ 2.00/2.00 │ All queries passed │
├─────────────────────────┼───────────┼────────────────────┤
│                    Total: 10.00/10.00                    │
└─────────────────────────┴───────────┴────────────────────┘
